// Jest Snapshot v1, https://goo.gl/fbAQLP

exports[`Home renders without exploding 1`] = `
<div>
  <h1>
    My Links Home
  </h1>
  <div
    class="mb-2"
  >
    <label
      class="block"
      for="Search"
    >
      <div
        class="mr-2 text-base text-slate-700 font-bold"
      >
        Search
      </div>
      <div
        class="flex grow rounded-md shadow-sm ring-1 ring-inset ring-gray-300 focus-within:ring-2 focus-within:ring-inset focus-within:ring-indigo-600"
      >
        <div
          class="flex grow rounded-md shadow-sm ring-1 ring-inset ring-gray-300  focus-within:ring-2 focus-within:ring-inset focus-within:ring-indigo-600"
        >
          <select
            class="text-gray-500 block focus:outline-none border-none bg-transparent py-1.5 px-1  text-gray-900 placeholder:text-gray-400 focus:ring-0 text-sm"
          >
            <option
              value="test"
            >
              test
              /
            </option>
          </select>
          <input
            autocomplete="off"
            class="block focus:outline-none flex-1 border-none bg-transparent py-1.5 px-1  text-gray-900 placeholder:text-gray-400 focus:ring-0 text-sm"
            id="Search"
            name="Search"
            type="text"
            value=""
          />
        </div>
      </div>
    </label>
  </div>
  <div
    class="mb-2"
  >
    <label
      class="block"
      for="Search By Tag"
    >
      <div
        class="mr-2 text-base text-slate-700 font-bold"
      >
        Search By Tag
      </div>
      <div
        class="flex grow rounded-md shadow-sm ring-1 ring-inset ring-gray-300 focus-within:ring-2 focus-within:ring-inset focus-within:ring-indigo-600"
      >
        <input
          autocomplete="off"
          class="block focus:outline-none flex-1 border-none bg-transparent py-1.5 px-1  text-gray-900 placeholder:text-gray-400 focus:ring-0 text-sm"
          id="Search By Tag"
          name="Search By Tag"
          type="text"
          value=""
        />
      </div>
    </label>
  </div>
</div>
`;
